// Jest Snapshot v1, https://goo.gl/fbAQLP

exports[`group subgroup should keep this one: snap 1`] = `"hello"`;

exports[`group subgroup should update this one: snap 1`] = `"bonjour"`;
